// Jest Snapshot v1, https://goo.gl/fbAQLP

exports[`should render the Text element 1`] = `ShallowWrapper {}`;
